<html>
<body>
<pre>
<h1>猩ision Build Log</h1>
<h2>Tool Versions:</h2>
IDE-Version: μVision V5.16.0.0
Copyright (C) 2015 ARM Ltd and ARM Germany GmbH. All rights reserved.
License Information: adam vincentadam, adam, LIC=FYKYW-QZHI3-121LE-5G55H-BLK2Z-I5CW5
 
Tool Versions:
Toolchain:       MDK-ARM Standard  Version: 5.16.0.0
Toolchain Path:  C:\Keil_v5\ARM\ARMCC\Bin
C Compiler:      Armcc.exe V5.06 (build 20)
Assembler:       Armasm.exe V5.06 (build 20)
Linker/Locator:  ArmLink.exe V5.06 (build 20)
Library Manager: ArmAr.exe V5.06 (build 20)
Hex Converter:   FromElf.exe V5.06 (build 20)
CPU DLL:         SARMCM3.DLL V5.16.0.0
Dialog DLL:      DCM.DLL V1.13.2.0
Target DLL:      Segger\JL2CM3.dll V2.99.15.2
Dialog DLL:      TCM.DLL V1.14.5.0
 
<h2>Project:</h2>
C:\Users\vincentadam\Desktop\新增資料夾\STM32F103C8T6\STM32F103C8T6.uvprojx
Project File Date:  03/18/2023

<h2>Output:</h2>
*** Using Compiler 'V5.06 (build 20)', folder: 'C:\Keil_v5\ARM\ARMCC\Bin'
Build target 'Target 1'
compiling list.c...
compiling croutine.c...
compiling event_groups.c...
compiling stream_buffer.c...
compiling queue.c...
compiling osUart.c...
compiling heap_4.c...
compiling timers.c...
compiling osWatchDog.c...
compiling osUtility.c...
compiling main.c...
src\main.c(206): warning:  #223-D: function "uartSend" declared implicitly
    uartSend(&count, 1);
src\main.c(221): warning:  #223-D: function "uartSend" declared implicitly
      uartSend((uint8_t*)pvParameters, 1);
src\main.c(237): warning:  #223-D: function "usart_init" declared implicitly
    usart_init();
src\main.c: 3 warnings, 0 errors
compiling tasks.c...
compiling port.c...
compiling misc.c...
compiling stm32f10x_rtc.c...
compiling stm32f10x_rcc.c...
compiling stm32f10x_gpio.c...
compiling stm32f10x_wwdg.c...
assembling startup_stm32f10x_md.s...
compiling stm32f10x_usart.c...
compiling DMA_STM32F10x.c...
compiling system_stm32f10x.c...
compiling GPIO_STM32F10x.c...
linking...
Program Size: Code=11868 RO-data=268 RW-data=184 ZI-data=8440  
".\Objects\STM32F103C8T6.axf" - 0 Error(s), 3 Warning(s).

<h2>Software Packages used:</h2>

Package Vendor: ARM
                http://www.keil.com/pack/ARM.CMSIS.5.9.0.pack
                ARM::CMSIS:CORE:5.6.0
                CMSIS (Common Microcontroller Software Interface Standard)
   * Component: CORE Version: 5.6.0

Package Vendor: Keil
                http://www.keil.com/pack/Keil.STM32F1xx_DFP.2.4.0.pack
                Keil::Device:Startup:1.0.0
                STMicroelectronics STM32F1 Series Device Support, Drivers and Examples
   * Component: Startup Version: 1.0.0
   * Component: Framework Version: 3.6.0
   * Component: USART Version: 3.6.0
   * Component: DMA Version: 1.3
   * Component: RTC Version: 3.6.0
   * Component: GPIO Version: 3.6.0
   * Component: RCC Version: 3.6.0
   * Component: WWDG Version: 3.6.0
   * Component: GPIO Version: 1.3

<h2>Collection of Component include folders:</h2>
  C:\Users\vincentadam\Desktop\新增資料夾\STM32F103C8T6\RTE
  C:\Users\vincentadam\Desktop\新增資料夾\STM32F103C8T6\RTE\Device\STM32F103C8
  C:\Users\vincentadam\AppData\Local\Arm\Packs\ARM\CMSIS\5.9.0\CMSIS\Core\Include
  C:\Users\vincentadam\AppData\Local\Arm\Packs\Keil\STM32F1xx_DFP\2.4.0\Device\Include
  C:\Users\vincentadam\AppData\Local\Arm\Packs\Keil\STM32F1xx_DFP\2.4.0\Device\StdPeriph_Driver\inc
  C:\Users\vincentadam\AppData\Local\Arm\Packs\Keil\STM32F1xx_DFP\2.4.0\RTE_Driver

<h2>Collection of Component Files used:</h2>

   * Component: ARM::CMSIS:CORE:5.6.0
      Include file:  CMSIS\Core\Include\tz_context.h
      Source file:   CMSIS\Core\Template\ARMv8-M\tz_context.c
      Source file:   CMSIS\Core\Template\ARMv8-M\main_s.c

   * Component: Keil::Device:Startup:1.0.0
      Source file:   Device\Source\ARM\startup_stm32f10x_md.s
      Source file:   Device\Source\system_stm32f10x.c
      Source file:   Device\Source\ARM\STM32F1xx_OPT.s
      Include file:  RTE_Driver\Config\RTE_Device.h

   * Component: Keil::Device:StdPeriph Drivers:Framework:3.6.0
      Include file:  Device\StdPeriph_Driver\inc\misc.h
      Source file:   Device\StdPeriph_Driver\src\misc.c
      Source file:   Device\StdPeriph_Driver\templates\stm32f10x_conf.h
      Source file:   Device\StdPeriph_Driver\templates\stm32f10x_it.c
      Include file:  Device\StdPeriph_Driver\templates\stm32f10x_it.h

   * Component: Keil::Device:StdPeriph Drivers:USART:3.6.0
      Include file:  Device\StdPeriph_Driver\inc\stm32f10x_usart.h
      Source file:   Device\StdPeriph_Driver\src\stm32f10x_usart.c

   * Component: Keil::Device:DMA:1.3
      Include file:  RTE_Driver\DMA_STM32F10x.h
      Source file:   RTE_Driver\DMA_STM32F10x.c

   * Component: Keil::Device:StdPeriph Drivers:RTC:3.6.0
      Include file:  Device\StdPeriph_Driver\inc\stm32f10x_rtc.h
      Source file:   Device\StdPeriph_Driver\src\stm32f10x_rtc.c

   * Component: Keil::Device:StdPeriph Drivers:GPIO:3.6.0
      Include file:  Device\StdPeriph_Driver\inc\stm32f10x_gpio.h
      Source file:   Device\StdPeriph_Driver\src\stm32f10x_gpio.c

   * Component: Keil::Device:StdPeriph Drivers:RCC:3.6.0
      Include file:  Device\StdPeriph_Driver\inc\stm32f10x_rcc.h
      Source file:   Device\StdPeriph_Driver\src\stm32f10x_rcc.c

   * Component: Keil::Device:StdPeriph Drivers:WWDG:3.6.0
      Include file:  Device\StdPeriph_Driver\inc\stm32f10x_wwdg.h
      Source file:   Device\StdPeriph_Driver\src\stm32f10x_wwdg.c

   * Component: Keil::Device:GPIO:1.3
      Source file:   RTE_Driver\GPIO_STM32F10x.c
      Include file:  RTE_Driver\GPIO_STM32F10x.h
Build Time Elapsed:  00:00:03
</pre>
</body>
</html>
