<html>
<body>
<pre>
<h1>µVision Build Log</h1>
<h2>Tool Versions:</h2>
IDE-Version: £gVision V5.38.0.0
Copyright (C) 2022 ARM Ltd and ARM Germany GmbH. All rights reserved.
License Information: aa vincentadam, aa, LIC=----
 
Tool Versions:
Toolchain:       MDK-Lite  Version: 5.38.0.0
Toolchain Path:  C:\Keil_v5\ARM\ARMCLANG\Bin
C Compiler:      ArmClang.exe V6.19
Assembler:       Armasm.exe V6.19
Linker/Locator:  ArmLink.exe V6.19
Library Manager: ArmAr.exe V6.19
Hex Converter:   FromElf.exe V6.19
CPU DLL:         SARMCM3.DLL V5.38.0.0
Dialog DLL:      DCM.DLL V1.17.5.0
Target DLL:      Segger\JL2CM3.dll V2.99.42.0
Dialog DLL:      TCM.DLL V1.56.4.0
 
<h2>Project:</h2>
C:\Users\vincentadam\Desktop\STM32F103C8T6\STM32F103C8T6.uvprojx
Project File Date:  02/25/2023

<h2>Output:</h2>
*** Using Compiler 'V6.19', folder: 'C:\Keil_v5\ARM\ARMCLANG\Bin'
Build target 'Target 1'
src/osWatchDog.c(14): warning: // comments are not allowed in this language [-Wcomment]
#include "stm32f10x.h"                  // Device header
                                        ^
src/osWatchDog.c(14): warning: In file included from...
C:/Users/vincentadam/AppData/Local/Arm/Packs/Keil/STM32F1xx_DFP/2.4.0/Device/Include\stm32f10x.h(18): warning: invalid UTF-8 in comment [-Winvalid-utf8]
  *              - To use or not the peripheral<92>s drivers in application code(i.e. 
                                               ^
C:/Users/vincentadam/AppData/Local/Arm/Packs/Keil/STM32F1xx_DFP/2.4.0/Device/Include\stm32f10x.h(19): warning: invalid UTF-8 in comment [-Winvalid-utf8]
  *                code will be based on direct access to peripheral<92>s registers 
                                                                    ^
C:/Users/vincentadam/AppData/Local/Arm/Packs/Keil/STM32F1xx_DFP/2.4.0/Device/Include\stm32f10x.h(26): warning: invalid UTF-8 in comment [-Winvalid-utf8]
  *           - Macros to access peripheral<92>s registers hardware
                                           ^
src/osWatchDog.c(14): warning: In file included from...
C:/Users/vincentadam/AppData/Local/Arm/Packs/Keil/STM32F1xx_DFP/2.4.0/Device/Include\stm32f10x.h(8347): warning: In file included from...
./RTE/Device/STM32F103C8\stm32f10x_conf.h(63): warning: In file included from...
C:/Users/vincentadam/AppData/Local/Arm/Packs/Keil/STM32F1xx_DFP/2.4.0/Device/StdPeriph_Driver/inc\stm32f10x_gpio.h(31): warning: In file included from...
C:/Users/vincentadam/AppData/Local/Arm/Packs/Keil/STM32F1xx_DFP/2.4.0/Device/Include\stm32f10x.h(18): warning: invalid UTF-8 in comment [-Winvalid-utf8]
  *              - To use or not the peripheral<92>s drivers in application code(i.e. 
                                               ^
C:/Users/vincentadam/AppData/Local/Arm/Packs/Keil/STM32F1xx_DFP/2.4.0/Device/Include\stm32f10x.h(19): warning: invalid UTF-8 in comment [-Winvalid-utf8]
  *                code will be based on direct access to peripheral<92>s registers 
                                                                    ^
C:/Users/vincentadam/AppData/Local/Arm/Packs/Keil/STM32F1xx_DFP/2.4.0/Device/Include\stm32f10x.h(26): warning: invalid UTF-8 in comment [-Winvalid-utf8]
  *           - Macros to access peripheral<92>s registers hardware
                                           ^
src/osWatchDog.c(14): warning: In file included from...
C:/Users/vincentadam/AppData/Local/Arm/Packs/Keil/STM32F1xx_DFP/2.4.0/Device/Include\stm32f10x.h(8347): warning: In file included from...
./RTE/Device/STM32F103C8\stm32f10x_conf.h(75): warning: In file included from...
C:/Users/vincentadam/AppData/Local/Arm/Packs/Keil/STM32F1xx_DFP/2.4.0/Device/StdPeriph_Driver/inc\stm32f10x_rcc.h(31): warning: In file included from...
C:/Users/vincentadam/AppData/Local/Arm/Packs/Keil/STM32F1xx_DFP/2.4.0/Device/Include\stm32f10x.h(18): warning: invalid UTF-8 in comment [-Winvalid-utf8]
  *              - To use or not the peripheral<92>s drivers in application code(i.e. 
                                               ^
C:/Users/vincentadam/AppData/Local/Arm/Packs/Keil/STM32F1xx_DFP/2.4.0/Device/Include\stm32f10x.h(19): warning: invalid UTF-8 in comment [-Winvalid-utf8]
  *                code will be based on direct access to peripheral<92>s registers 
                                                                    ^
C:/Users/vincentadam/AppData/Local/Arm/Packs/Keil/STM32F1xx_DFP/2.4.0/Device/Include\stm32f10x.h(26): warning: invalid UTF-8 in comment [-Winvalid-utf8]
  *           - Macros to access peripheral<92>s registers hardware
                                           ^
src/osWatchDog.c(14): warning: In file included from...
C:/Users/vincentadam/AppData/Local/Arm/Packs/Keil/STM32F1xx_DFP/2.4.0/Device/Include\stm32f10x.h(8347): warning: In file included from...
./RTE/Device/STM32F103C8\stm32f10x_conf.h(78): warning: In file included from...
C:/Users/vincentadam/AppData/Local/Arm/Packs/Keil/STM32F1xx_DFP/2.4.0/Device/StdPeriph_Driver/inc\stm32f10x_rtc.h(31): warning: In file included from...
C:/Users/vincentadam/AppData/Local/Arm/Packs/Keil/STM32F1xx_DFP/2.4.0/Device/Include\stm32f10x.h(18): warning: invalid UTF-8 in comment [-Winvalid-utf8]
  *              - To use or not the peripheral<92>s drivers in application code(i.e. 
                                               ^
C:/Users/vincentadam/AppData/Local/Arm/Packs/Keil/STM32F1xx_DFP/2.4.0/Device/Include\stm32f10x.h(19): warning: invalid UTF-8 in comment [-Winvalid-utf8]
  *                code will be based on direct access to peripheral<92>s registers 
                                                                    ^
C:/Users/vincentadam/AppData/Local/Arm/Packs/Keil/STM32F1xx_DFP/2.4.0/Device/Include\stm32f10x.h(26): warning: invalid UTF-8 in comment [-Winvalid-utf8]
  *           - Macros to access peripheral<92>s registers hardware
                                           ^
src/osWatchDog.c(14): warning: In file included from...
C:/Users/vincentadam/AppData/Local/Arm/Packs/Keil/STM32F1xx_DFP/2.4.0/Device/Include\stm32f10x.h(8347): warning: In file included from...
./RTE/Device/STM32F103C8\stm32f10x_conf.h(90): warning: In file included from...
C:/Users/vincentadam/AppData/Local/Arm/Packs/Keil/STM32F1xx_DFP/2.4.0/Device/StdPeriph_Driver/inc\stm32f10x_usart.h(31): warning: In file included from...
C:/Users/vincentadam/AppData/Local/Arm/Packs/Keil/STM32F1xx_DFP/2.4.0/Device/Include\stm32f10x.h(18): warning: invalid UTF-8 in comment [-Winvalid-utf8]
  *              - To use or not the peripheral<92>s drivers in application code(i.e. 
                                               ^
C:/Users/vincentadam/AppData/Local/Arm/Packs/Keil/STM32F1xx_DFP/2.4.0/Device/Include\stm32f10x.h(19): warning: invalid UTF-8 in comment [-Winvalid-utf8]
  *                code will be based on direct access to peripheral<92>s registers 
                                                                    ^
C:/Users/vincentadam/AppData/Local/Arm/Packs/Keil/STM32F1xx_DFP/2.4.0/Device/Include\stm32f10x.h(26): warning: invalid UTF-8 in comment [-Winvalid-utf8]
  *           - Macros to access peripheral<92>s registers hardware
                                           ^
src/osWatchDog.c(14): warning: In file included from...
C:/Users/vincentadam/AppData/Local/Arm/Packs/Keil/STM32F1xx_DFP/2.4.0/Device/Include\stm32f10x.h(8347): warning: In file included from...
./RTE/Device/STM32F103C8\stm32f10x_conf.h(93): warning: In file included from...
C:/Users/vincentadam/AppData/Local/Arm/Packs/Keil/STM32F1xx_DFP/2.4.0/Device/StdPeriph_Driver/inc\stm32f10x_wwdg.h(31): warning: In file included from...
C:/Users/vincentadam/AppData/Local/Arm/Packs/Keil/STM32F1xx_DFP/2.4.0/Device/Include\stm32f10x.h(18): warning: invalid UTF-8 in comment [-Winvalid-utf8]
  *              - To use or not the peripheral<92>s drivers in application code(i.e. 
                                               ^
C:/Users/vincentadam/AppData/Local/Arm/Packs/Keil/STM32F1xx_DFP/2.4.0/Device/Include\stm32f10x.h(19): warning: invalid UTF-8 in comment [-Winvalid-utf8]
  *                code will be based on direct access to peripheral<92>s registers 
                                                                    ^
C:/Users/vincentadam/AppData/Local/Arm/Packs/Keil/STM32F1xx_DFP/2.4.0/Device/Include\stm32f10x.h(26): warning: invalid UTF-8 in comment [-Winvalid-utf8]
  *           - Macros to access peripheral<92>s registers hardware
                                           ^
src/osWatchDog.c(14): warning: In file included from...
C:/Users/vincentadam/AppData/Local/Arm/Packs/Keil/STM32F1xx_DFP/2.4.0/Device/Include\stm32f10x.h(8347): warning: In file included from...
./RTE/Device/STM32F103C8\stm32f10x_conf.h(96): warning: In file included from...
C:/Users/vincentadam/AppData/Local/Arm/Packs/Keil/STM32F1xx_DFP/2.4.0/Device/StdPeriph_Driver/inc\misc.h(31): warning: In file included from...
C:/Users/vincentadam/AppData/Local/Arm/Packs/Keil/STM32F1xx_DFP/2.4.0/Device/Include\stm32f10x.h(18): warning: invalid UTF-8 in comment [-Winvalid-utf8]
  *              - To use or not the peripheral<92>s drivers in application code(i.e. 
                                               ^
C:/Users/vincentadam/AppData/Local/Arm/Packs/Keil/STM32F1xx_DFP/2.4.0/Device/Include\stm32f10x.h(19): warning: invalid UTF-8 in comment [-Winvalid-utf8]
  *                code will be based on direct access to peripheral<92>s registers 
                                                                    ^
C:/Users/vincentadam/AppData/Local/Arm/Packs/Keil/STM32F1xx_DFP/2.4.0/Device/Include\stm32f10x.h(26): warning: invalid UTF-8 in comment [-Winvalid-utf8]
  *           - Macros to access peripheral<92>s registers hardware
                                           ^
src/osWatchDog.c(50): warning: no previous prototype for function 'WWDG_IRQHandler' [-Wmissing-prototypes]
void WWDG_IRQHandler(void)
     ^
src/osWatchDog.c(50): note: declare 'static' if the function is not intended to be used outside of this translation unit
void WWDG_IRQHandler(void)
^
static 
src/osWatchDog.c(73): warning: mixing declarations and code is a C99 extension [-Wdeclaration-after-statement]
        NVIC_InitTypeDef NVIC_InitStructure;
                         ^
src/osWatchDog.c(63): warning: no previous prototype for function 'osWatchDogInit' [-Wmissing-prototypes]
void osWatchDogInit(void)
     ^
src/osWatchDog.c(63): note: declare 'static' if the function is not intended to be used outside of this translation unit
void osWatchDogInit(void)
^
static 
25 warnings generated.
compiling osWatchDog.c...
src/main.c(13): warning: // comments are not allowed in this language [-Wcomment]
#include "stm32f10x.h"                  // Device header
                                        ^
src/main.c(13): warning: In file included from...
C:/Users/vincentadam/AppData/Local/Arm/Packs/Keil/STM32F1xx_DFP/2.4.0/Device/Include\stm32f10x.h(18): warning: invalid UTF-8 in comment [-Winvalid-utf8]
  *              - To use or not the peripheral<92>s drivers in application code(i.e. 
                                               ^
C:/Users/vincentadam/AppData/Local/Arm/Packs/Keil/STM32F1xx_DFP/2.4.0/Device/Include\stm32f10x.h(19): warning: invalid UTF-8 in comment [-Winvalid-utf8]
  *                code will be based on direct access to peripheral<92>s registers 
                                                                    ^
C:/Users/vincentadam/AppData/Local/Arm/Packs/Keil/STM32F1xx_DFP/2.4.0/Device/Include\stm32f10x.h(26): warning: invalid UTF-8 in comment [-Winvalid-utf8]
  *           - Macros to access peripheral<92>s registers hardware
                                           ^
src/main.c(13): warning: In file included from...
C:/Users/vincentadam/AppData/Local/Arm/Packs/Keil/STM32F1xx_DFP/2.4.0/Device/Include\stm32f10x.h(8347): warning: In file included from...
./RTE/Device/STM32F103C8\stm32f10x_conf.h(63): warning: In file included from...
C:/Users/vincentadam/AppData/Local/Arm/Packs/Keil/STM32F1xx_DFP/2.4.0/Device/StdPeriph_Driver/inc\stm32f10x_gpio.h(31): warning: In file included from...
C:/Users/vincentadam/AppData/Local/Arm/Packs/Keil/STM32F1xx_DFP/2.4.0/Device/Include\stm32f10x.h(18): warning: invalid UTF-8 in comment [-Winvalid-utf8]
  *              - To use or not the peripheral<92>s drivers in application code(i.e. 
                                               ^
C:/Users/vincentadam/AppData/Local/Arm/Packs/Keil/STM32F1xx_DFP/2.4.0/Device/Include\stm32f10x.h(19): warning: invalid UTF-8 in comment [-Winvalid-utf8]
  *                code will be based on direct access to peripheral<92>s registers 
                                                                    ^
C:/Users/vincentadam/AppData/Local/Arm/Packs/Keil/STM32F1xx_DFP/2.4.0/Device/Include\stm32f10x.h(26): warning: invalid UTF-8 in comment [-Winvalid-utf8]
  *           - Macros to access peripheral<92>s registers hardware
                                           ^
src/main.c(13): warning: In file included from...
C:/Users/vincentadam/AppData/Local/Arm/Packs/Keil/STM32F1xx_DFP/2.4.0/Device/Include\stm32f10x.h(8347): warning: In file included from...
./RTE/Device/STM32F103C8\stm32f10x_conf.h(75): warning: In file included from...
C:/Users/vincentadam/AppData/Local/Arm/Packs/Keil/STM32F1xx_DFP/2.4.0/Device/StdPeriph_Driver/inc\stm32f10x_rcc.h(31): warning: In file included from...
C:/Users/vincentadam/AppData/Local/Arm/Packs/Keil/STM32F1xx_DFP/2.4.0/Device/Include\stm32f10x.h(18): warning: invalid UTF-8 in comment [-Winvalid-utf8]
  *              - To use or not the peripheral<92>s drivers in application code(i.e. 
                                               ^
C:/Users/vincentadam/AppData/Local/Arm/Packs/Keil/STM32F1xx_DFP/2.4.0/Device/Include\stm32f10x.h(19): warning: invalid UTF-8 in comment [-Winvalid-utf8]
  *                code will be based on direct access to peripheral<92>s registers 
                                                                    ^
C:/Users/vincentadam/AppData/Local/Arm/Packs/Keil/STM32F1xx_DFP/2.4.0/Device/Include\stm32f10x.h(26): warning: invalid UTF-8 in comment [-Winvalid-utf8]
  *           - Macros to access peripheral<92>s registers hardware
                                           ^
src/main.c(13): warning: In file included from...
C:/Users/vincentadam/AppData/Local/Arm/Packs/Keil/STM32F1xx_DFP/2.4.0/Device/Include\stm32f10x.h(8347): warning: In file included from...
./RTE/Device/STM32F103C8\stm32f10x_conf.h(78): warning: In file included from...
C:/Users/vincentadam/AppData/Local/Arm/Packs/Keil/STM32F1xx_DFP/2.4.0/Device/StdPeriph_Driver/inc\stm32f10x_rtc.h(31): warning: In file included from...
C:/Users/vincentadam/AppData/Local/Arm/Packs/Keil/STM32F1xx_DFP/2.4.0/Device/Include\stm32f10x.h(18): warning: invalid UTF-8 in comment [-Winvalid-utf8]
  *              - To use or not the peripheral<92>s drivers in application code(i.e. 
                                               ^
C:/Users/vincentadam/AppData/Local/Arm/Packs/Keil/STM32F1xx_DFP/2.4.0/Device/Include\stm32f10x.h(19): warning: invalid UTF-8 in comment [-Winvalid-utf8]
  *                code will be based on direct access to peripheral<92>s registers 
                                                                    ^
C:/Users/vincentadam/AppData/Local/Arm/Packs/Keil/STM32F1xx_DFP/2.4.0/Device/Include\stm32f10x.h(26): warning: invalid UTF-8 in comment [-Winvalid-utf8]
  *           - Macros to access peripheral<92>s registers hardware
                                           ^
src/main.c(13): warning: In file included from...
C:/Users/vincentadam/AppData/Local/Arm/Packs/Keil/STM32F1xx_DFP/2.4.0/Device/Include\stm32f10x.h(8347): warning: In file included from...
./RTE/Device/STM32F103C8\stm32f10x_conf.h(90): warning: In file included from...
C:/Users/vincentadam/AppData/Local/Arm/Packs/Keil/STM32F1xx_DFP/2.4.0/Device/StdPeriph_Driver/inc\stm32f10x_usart.h(31): warning: In file included from...
C:/Users/vincentadam/AppData/Local/Arm/Packs/Keil/STM32F1xx_DFP/2.4.0/Device/Include\stm32f10x.h(18): warning: invalid UTF-8 in comment [-Winvalid-utf8]
  *              - To use or not the peripheral<92>s drivers in application code(i.e. 
                                               ^
C:/Users/vincentadam/AppData/Local/Arm/Packs/Keil/STM32F1xx_DFP/2.4.0/Device/Include\stm32f10x.h(19): warning: invalid UTF-8 in comment [-Winvalid-utf8]
  *                code will be based on direct access to peripheral<92>s registers 
                                                                    ^
C:/Users/vincentadam/AppData/Local/Arm/Packs/Keil/STM32F1xx_DFP/2.4.0/Device/Include\stm32f10x.h(26): warning: invalid UTF-8 in comment [-Winvalid-utf8]
  *           - Macros to access peripheral<92>s registers hardware
                                           ^
src/main.c(13): warning: In file included from...
C:/Users/vincentadam/AppData/Local/Arm/Packs/Keil/STM32F1xx_DFP/2.4.0/Device/Include\stm32f10x.h(8347): warning: In file included from...
./RTE/Device/STM32F103C8\stm32f10x_conf.h(93): warning: In file included from...
C:/Users/vincentadam/AppData/Local/Arm/Packs/Keil/STM32F1xx_DFP/2.4.0/Device/StdPeriph_Driver/inc\stm32f10x_wwdg.h(31): warning: In file included from...
C:/Users/vincentadam/AppData/Local/Arm/Packs/Keil/STM32F1xx_DFP/2.4.0/Device/Include\stm32f10x.h(18): warning: invalid UTF-8 in comment [-Winvalid-utf8]
  *              - To use or not the peripheral<92>s drivers in application code(i.e. 
                                               ^
C:/Users/vincentadam/AppData/Local/Arm/Packs/Keil/STM32F1xx_DFP/2.4.0/Device/Include\stm32f10x.h(19): warning: invalid UTF-8 in comment [-Winvalid-utf8]
  *                code will be based on direct access to peripheral<92>s registers 
                                                                    ^
C:/Users/vincentadam/AppData/Local/Arm/Packs/Keil/STM32F1xx_DFP/2.4.0/Device/Include\stm32f10x.h(26): warning: invalid UTF-8 in comment [-Winvalid-utf8]
  *           - Macros to access peripheral<92>s registers hardware
                                           ^
src/main.c(13): warning: In file included from...
C:/Users/vincentadam/AppData/Local/Arm/Packs/Keil/STM32F1xx_DFP/2.4.0/Device/Include\stm32f10x.h(8347): warning: In file included from...
./RTE/Device/STM32F103C8\stm32f10x_conf.h(96): warning: In file included from...
C:/Users/vincentadam/AppData/Local/Arm/Packs/Keil/STM32F1xx_DFP/2.4.0/Device/StdPeriph_Driver/inc\misc.h(31): warning: In file included from...
C:/Users/vincentadam/AppData/Local/Arm/Packs/Keil/STM32F1xx_DFP/2.4.0/Device/Include\stm32f10x.h(18): warning: invalid UTF-8 in comment [-Winvalid-utf8]
  *              - To use or not the peripheral<92>s drivers in application code(i.e. 
                                               ^
C:/Users/vincentadam/AppData/Local/Arm/Packs/Keil/STM32F1xx_DFP/2.4.0/Device/Include\stm32f10x.h(19): warning: invalid UTF-8 in comment [-Winvalid-utf8]
  *                code will be based on direct access to peripheral<92>s registers 
                                                                    ^
C:/Users/vincentadam/AppData/Local/Arm/Packs/Keil/STM32F1xx_DFP/2.4.0/Device/Include\stm32f10x.h(26): warning: invalid UTF-8 in comment [-Winvalid-utf8]
  *           - Macros to access peripheral<92>s registers hardware
                                           ^
src/main.c(52): warning: no previous prototype for function 'sysTickDalayInit' [-Wmissing-prototypes]
void sysTickDalayInit(void) 
     ^
src/main.c(52): note: declare 'static' if the function is not intended to be used outside of this translation unit
void sysTickDalayInit(void) 
^
static 
src/main.c(61): warning: no previous prototype for function 'SetSysClockTo72' [-Wmissing-prototypes]
void SetSysClockTo72(void)
     ^
src/main.c(61): note: declare 'static' if the function is not intended to be used outside of this translation unit
void SetSysClockTo72(void)
^
static 
src/main.c(129): warning: no previous prototype for function 'initGpioPin' [-Wmissing-prototypes]
void initGpioPin(uint32_t gpioGroup, uint16_t gpioPin, GPIOMode_TypeDef mode, GPIOSpeed_TypeDef speed)
     ^
src/main.c(129): note: declare 'static' if the function is not intended to be used outside of this translation unit
void initGpioPin(uint32_t gpioGroup, uint16_t gpioPin, GPIOMode_TypeDef mode, GPIOSpeed_TypeDef speed)
^
static 
src/main.c(177): warning: variable 'gpioBase' is used uninitialized whenever switch default is taken [-Wsometimes-uninitialized]
    default:
    ^~~~~~~
src/main.c(180): note: uninitialized use occurs here
  GPIO_Init(gpioBase, &GPIO_InitStructure);
            ^~~~~~~~
src/main.c(132): note: initialize the variable 'gpioBase' to silence this warning
  GPIO_TypeDef* gpioBase;
                        ^
                         = NULL
src/main.c(194): warning: implicit declaration of function 'usart_init' [-Wimplicit-function-declaration]
  usart_init();
  ^
src/main.c(208): warning: implicit declaration of function 'uartSend' [-Wimplicit-function-declaration]
    uartSend(&count, 1);
    ^
src/main.c(192): warning: mixing declarations and code is a C99 extension [-Wdeclaration-after-statement]
        static uint16_t count = 0;
                        ^
src/main.c(212): warning: 'return' will never be executed [-Wunreachable-code-return]
  return 0;
         ^
30 warnings generated.
compiling main.c...
linking...
Program Size: Code=4648 RO-data=272 RW-data=0 ZI-data=1640  
".\Objects\STM32F103C8T6.axf" - 0 Error(s), 55 Warning(s).

<h2>Software Packages used:</h2>

Package Vendor: ARM
                http://www.keil.com/pack/ARM.CMSIS.5.9.0.pack
                ARM.CMSIS.5.9.0
                CMSIS (Common Microcontroller Software Interface Standard)
   * Component: CORE Version: 5.6.0

Package Vendor: Keil
                http://www.keil.com/pack/Keil.STM32F1xx_DFP.2.4.0.pack
                Keil.STM32F1xx_DFP.2.4.0
                STMicroelectronics STM32F1 Series Device Support, Drivers and Examples
   * Component: DMA Version: 1.3
   * Component: GPIO Version: 1.3
   * Component: Startup Version: 1.0.0
   * Component: Framework Version: 3.6.0
   * Component: GPIO Version: 3.6.0
   * Component: RCC Version: 3.6.0
   * Component: RTC Version: 3.6.0
   * Component: USART Version: 3.6.0
   * Component: WWDG Version: 3.6.0

<h2>Collection of Component include folders:</h2>
  ./RTE/Device/STM32F103C8
  ./RTE/_Target_1
  C:/Users/vincentadam/AppData/Local/Arm/Packs/ARM/CMSIS/5.9.0/CMSIS/Core/Include
  C:/Users/vincentadam/AppData/Local/Arm/Packs/Keil/STM32F1xx_DFP/2.4.0/Device/Include
  C:/Users/vincentadam/AppData/Local/Arm/Packs/Keil/STM32F1xx_DFP/2.4.0/Device/StdPeriph_Driver/inc
  C:/Users/vincentadam/AppData/Local/Arm/Packs/Keil/STM32F1xx_DFP/2.4.0/RTE_Driver

<h2>Collection of Component Files used:</h2>

   * Component: ARM::CMSIS:CORE:5.6.0

   * Component: Keil::Device:DMA:1.3
      Source file:   RTE_Driver/DMA_STM32F10x.c
      Include file:  RTE_Driver/DMA_STM32F10x.h

   * Component: Keil::Device:GPIO:1.3
      Source file:   RTE_Driver/GPIO_STM32F10x.c
      Include file:  RTE_Driver/GPIO_STM32F10x.h

   * Component: Keil::Device:Startup:1.0.0
      Source file:   Device/Source/ARM/STM32F1xx_OPT.s
      Source file:   Device/Source/ARM/startup_stm32f10x_md.s
      Source file:   Device/Source/system_stm32f10x.c
      Include file:  RTE_Driver/Config/RTE_Device.h

   * Component: Keil::Device:StdPeriph Drivers:Framework:3.6.0
      Source file:   Device/StdPeriph_Driver/templates/stm32f10x_it.c
      Source file:   Device/StdPeriph_Driver/src/misc.c
      Include file:  Device/StdPeriph_Driver/inc/misc.h
      Source file:   Device/StdPeriph_Driver/templates/stm32f10x_conf.h
      Include file:  Device/StdPeriph_Driver/templates/stm32f10x_it.h

   * Component: Keil::Device:StdPeriph Drivers:GPIO:3.6.0
      Include file:  Device/StdPeriph_Driver/inc/stm32f10x_gpio.h
      Source file:   Device/StdPeriph_Driver/src/stm32f10x_gpio.c

   * Component: Keil::Device:StdPeriph Drivers:RCC:3.6.0
      Include file:  Device/StdPeriph_Driver/inc/stm32f10x_rcc.h
      Source file:   Device/StdPeriph_Driver/src/stm32f10x_rcc.c

   * Component: Keil::Device:StdPeriph Drivers:RTC:3.6.0
      Source file:   Device/StdPeriph_Driver/src/stm32f10x_rtc.c
      Include file:  Device/StdPeriph_Driver/inc/stm32f10x_rtc.h

   * Component: Keil::Device:StdPeriph Drivers:USART:3.6.0
      Source file:   Device/StdPeriph_Driver/src/stm32f10x_usart.c
      Include file:  Device/StdPeriph_Driver/inc/stm32f10x_usart.h

   * Component: Keil::Device:StdPeriph Drivers:WWDG:3.6.0
      Include file:  Device/StdPeriph_Driver/inc/stm32f10x_wwdg.h
      Source file:   Device/StdPeriph_Driver/src/stm32f10x_wwdg.c
Build Time Elapsed:  00:00:02
</pre>
</body>
</html>
